// Jest Snapshot v1, https://goo.gl/fbAQLP

exports[`MdButton.vue Snapshot özelliği 1`] = `<button class="md-button md-button--default md-button--medium"></button>`;
